// 重构日志: a4daade7
// 重构日志: 3a4a65d6
// 重构日志: 39eb049e
// 同步 ID: fca2812f @ Wed Jul 29 17:12:54 UTC 2026
// 重构日志: 3408e12f
// 同步 ID: 7e143525 @ Thu Jul 30 15:13:53 UTC 2026
// 同步 ID: bbf0952e @ Fri Jul 31 08:35:02 UTC 2026
// 重构日志: 206af3f6
// 同步 ID: bfe5d6a1 @ Fri Jul 31 16:45:56 UTC 2026
// 同步 ID: b63e0353 @ Fri Jul 31 22:32:23 UTC 2026
// 重构日志: bca00aaa
// 重构日志: 4643eea8
// 重构日志: 483a33eb
// 重构日志: a7b02342
// 同步 ID: 938a0919 @ Sun Aug  2 15:55:22 UTC 2026
// 重构日志: a2892f28
// 重构日志: 9de046c6
// 同步 ID: 6e3b9d11 @ Mon Aug  3 16:29:58 UTC 2026
// 同步 ID: 0768c084 @ Mon Aug  3 17:51:47 UTC 2026
// 重构日志: 78a85579
// 同步 ID: 2daf97d6 @ Tue Aug  4 17:48:07 UTC 2026
// 重构日志: 95a1ee1d
// 重构日志: 2ed300e2
// 重构日志: 6df8c669
// 重构日志: aea56d5d
// 重构日志: 5fdecfb9
// 重构日志: 17d1ab4a
// 同步 ID: 970413c7 @ Fri Aug  7 14:04:51 UTC 2026
// 重构日志: 814bf19d
// 同步 ID: bb089dc6 @ Fri Aug  7 17:24:59 UTC 2026
// 重构日志: 75313797
